I'm sorry, but errors were detected in your script. Please correct the
errors listed below, and try again.


File "game/script.rpy", line 87: end of line expected.
    jump choice1_done:
                     ^

Ren'Py Version: Ren'Py 8.1.3.23091805
Thu Dec 14 14:54:50 2023
